[2022-11-08T11:42:30.400+0700][0.014s] Using G1
[2022-11-08T11:42:30.715+0700][0.329s] Version: 15.0.1+9-18 (release)
[2022-11-08T11:42:30.715+0700][0.329s] CPUs: 8 total, 8 available
[2022-11-08T11:42:30.715+0700][0.329s] Memory: 16384M
[2022-11-08T11:42:30.715+0700][0.329s] Large Page Support: Disabled
[2022-11-08T11:42:30.715+0700][0.329s] NUMA Support: Disabled
[2022-11-08T11:42:30.715+0700][0.329s] Compressed Oops: Enabled (Zero based)
[2022-11-08T11:42:30.715+0700][0.329s] Heap Region Size: 1M
[2022-11-08T11:42:30.715+0700][0.329s] Heap Min Capacity: 512M
[2022-11-08T11:42:30.715+0700][0.329s] Heap Initial Capacity: 512M
[2022-11-08T11:42:30.715+0700][0.329s] Heap Max Capacity: 512M
[2022-11-08T11:42:30.715+0700][0.329s] Pre-touch: Enabled
[2022-11-08T11:42:30.715+0700][0.329s] Parallel Workers: 8
[2022-11-08T11:42:30.715+0700][0.329s] Concurrent Workers: 2
[2022-11-08T11:42:30.715+0700][0.329s] Concurrent Refinement Workers: 8
[2022-11-08T11:42:30.715+0700][0.329s] Periodic GC: Disabled
[2022-11-08T11:42:30.716+0700][0.330s] Mark closed archive regions in map: [0x00000007fff00000, 0x00000007fff78ff8]
[2022-11-08T11:42:30.716+0700][0.330s] Mark open archive regions in map: [0x00000007ffe00000, 0x00000007ffe50ff8]
[2022-11-08T11:42:30.717+0700][0.330s] CDS archive(s) mapped at: [0x0000000800000000-0x0000000800b2c000-0x0000000800b2c000), size 11714560, SharedBaseAddress: 0x0000000800000000, ArchiveRelocationMode: 0.
[2022-11-08T11:42:30.717+0700][0.330s] Compressed class space mapped at: 0x0000000800b2c000-0x0000000840b2c000, size: 1073741824
[2022-11-08T11:42:30.717+0700][0.330s] Narrow klass base: 0x0000000800000000, Narrow klass shift: 3, Narrow klass range: 0x100000000
[2022-11-08T11:42:31.773+0700][1.387s] GC(0) Pause Young (Normal) (G1 Evacuation Pause)
[2022-11-08T11:42:31.773+0700][1.387s] GC(0) Using 8 workers of 8 for evacuation
[2022-11-08T11:42:31.779+0700][1.393s] GC(0)   Pre Evacuate Collection Set: 0.1ms
[2022-11-08T11:42:31.779+0700][1.393s] GC(0)   Merge Heap Roots: 0.1ms
[2022-11-08T11:42:31.779+0700][1.393s] GC(0)   Evacuate Collection Set: 4.2ms
[2022-11-08T11:42:31.779+0700][1.393s] GC(0)   Post Evacuate Collection Set: 1.1ms
[2022-11-08T11:42:31.779+0700][1.393s] GC(0)   Other: 0.7ms
[2022-11-08T11:42:31.779+0700][1.393s] GC(0) Eden regions: 29->0(53)
[2022-11-08T11:42:31.779+0700][1.393s] GC(0) Survivor regions: 0->4(4)
[2022-11-08T11:42:31.779+0700][1.393s] GC(0) Old regions: 0->0
[2022-11-08T11:42:31.779+0700][1.393s] GC(0) Archive regions: 2->2
[2022-11-08T11:42:31.779+0700][1.393s] GC(0) Humongous regions: 0->0
[2022-11-08T11:42:31.779+0700][1.393s] GC(0) Metaspace: 7100K(7936K)->7100K(7936K) NonClass: 6276K(6912K)->6276K(6912K) Class: 823K(1024K)->823K(1024K)
[2022-11-08T11:42:31.779+0700][1.393s] GC(0) Pause Young (Normal) (G1 Evacuation Pause) 29M->3M(512M) 6.615ms
[2022-11-08T11:42:31.779+0700][1.393s] GC(0) User=0.02s Sys=0.00s Real=0.00s
[2022-11-08T11:42:33.196+0700][2.810s] GC(1) Pause Young (Normal) (G1 Evacuation Pause)
[2022-11-08T11:42:33.196+0700][2.810s] GC(1) Using 8 workers of 8 for evacuation
[2022-11-08T11:42:33.217+0700][2.831s] GC(1)   Pre Evacuate Collection Set: 0.2ms
[2022-11-08T11:42:33.217+0700][2.831s] GC(1)   Merge Heap Roots: 0.4ms
[2022-11-08T11:42:33.217+0700][2.831s] GC(1)   Evacuate Collection Set: 17.6ms
[2022-11-08T11:42:33.217+0700][2.831s] GC(1)   Post Evacuate Collection Set: 2.3ms
[2022-11-08T11:42:33.217+0700][2.831s] GC(1)   Other: 0.2ms
[2022-11-08T11:42:33.217+0700][2.831s] GC(1) Eden regions: 53->0(128)
[2022-11-08T11:42:33.217+0700][2.831s] GC(1) Survivor regions: 4->8(8)
[2022-11-08T11:42:33.217+0700][2.831s] GC(1) Old regions: 0->6
[2022-11-08T11:42:33.218+0700][2.831s] GC(1) Archive regions: 2->2
[2022-11-08T11:42:33.218+0700][2.831s] GC(1) Humongous regions: 4->4
[2022-11-08T11:42:33.218+0700][2.831s] GC(1) Metaspace: 16673K(17152K)->16673K(17152K) NonClass: 14729K(15104K)->14729K(15104K) Class: 1944K(2048K)->1944K(2048K)
[2022-11-08T11:42:33.218+0700][2.831s] GC(1) Pause Young (Normal) (G1 Evacuation Pause) 60M->17M(512M) 21.319ms
[2022-11-08T11:42:33.218+0700][2.831s] GC(1) User=0.06s Sys=0.01s Real=0.02s
[2022-11-08T11:42:33.873+0700][3.487s] GC(2) Pause Young (Concurrent Start) (Metadata GC Threshold)
[2022-11-08T11:42:33.873+0700][3.487s] GC(2) Using 8 workers of 8 for evacuation
[2022-11-08T11:42:33.885+0700][3.499s] GC(2)   Pre Evacuate Collection Set: 0.1ms
[2022-11-08T11:42:33.885+0700][3.499s] GC(2)   Merge Heap Roots: 0.1ms
[2022-11-08T11:42:33.885+0700][3.499s] GC(2)   Evacuate Collection Set: 9.7ms
[2022-11-08T11:42:33.885+0700][3.499s] GC(2)   Post Evacuate Collection Set: 1.5ms
[2022-11-08T11:42:33.885+0700][3.499s] GC(2)   Other: 0.3ms
[2022-11-08T11:42:33.885+0700][3.499s] GC(2) Eden regions: 104->0(294)
[2022-11-08T11:42:33.885+0700][3.499s] GC(2) Survivor regions: 8->13(17)
[2022-11-08T11:42:33.885+0700][3.499s] GC(2) Old regions: 6->6
[2022-11-08T11:42:33.885+0700][3.499s] GC(2) Archive regions: 2->2
[2022-11-08T11:42:33.885+0700][3.499s] GC(2) Humongous regions: 4->4
[2022-11-08T11:42:33.885+0700][3.499s] GC(2) Metaspace: 20549K(21248K)->20549K(21248K) NonClass: 18209K(18688K)->18209K(18688K) Class: 2339K(2560K)->2339K(2560K)
[2022-11-08T11:42:33.885+0700][3.499s] GC(2) Pause Young (Concurrent Start) (Metadata GC Threshold) 121M->22M(512M) 11.836ms
[2022-11-08T11:42:33.885+0700][3.499s] GC(2) User=0.05s Sys=0.00s Real=0.01s
[2022-11-08T11:42:33.885+0700][3.499s] GC(3) Concurrent Cycle
[2022-11-08T11:42:33.885+0700][3.499s] GC(3) Concurrent Clear Claimed Marks
[2022-11-08T11:42:33.885+0700][3.499s] GC(3) Concurrent Clear Claimed Marks 0.020ms
[2022-11-08T11:42:33.885+0700][3.499s] GC(3) Concurrent Scan Root Regions
[2022-11-08T11:42:33.889+0700][3.502s] GC(3) Concurrent Scan Root Regions 3.346ms
[2022-11-08T11:42:33.889+0700][3.503s] GC(3) Concurrent Mark (3.503s)
[2022-11-08T11:42:33.889+0700][3.503s] GC(3) Concurrent Mark From Roots
[2022-11-08T11:42:33.889+0700][3.503s] GC(3) Using 2 workers of 2 for marking
[2022-11-08T11:42:33.896+0700][3.510s] GC(3) Concurrent Mark From Roots 7.082ms
[2022-11-08T11:42:33.896+0700][3.510s] GC(3) Concurrent Preclean
[2022-11-08T11:42:33.896+0700][3.510s] GC(3) Concurrent Preclean 0.054ms
[2022-11-08T11:42:33.896+0700][3.510s] GC(3) Concurrent Mark (3.503s, 3.510s) 7.199ms
[2022-11-08T11:42:33.896+0700][3.510s] GC(3) Pause Remark
[2022-11-08T11:42:33.897+0700][3.511s] GC(3) Pause Remark 25M->25M(512M) 1.154ms
[2022-11-08T11:42:33.897+0700][3.511s] GC(3) User=0.01s Sys=0.00s Real=0.00s
[2022-11-08T11:42:33.897+0700][3.511s] GC(3) Concurrent Rebuild Remembered Sets
[2022-11-08T11:42:33.901+0700][3.515s] GC(3) Concurrent Rebuild Remembered Sets 4.091ms
[2022-11-08T11:42:33.902+0700][3.515s] GC(3) Pause Cleanup
[2022-11-08T11:42:33.902+0700][3.516s] GC(3) Pause Cleanup 25M->25M(512M) 0.091ms
[2022-11-08T11:42:33.902+0700][3.516s] GC(3) User=0.00s Sys=0.00s Real=0.00s
[2022-11-08T11:42:33.902+0700][3.516s] GC(3) Concurrent Cleanup for Next Mark
[2022-11-08T11:42:33.903+0700][3.517s] GC(3) Concurrent Cleanup for Next Mark 0.964ms
[2022-11-08T11:42:33.903+0700][3.517s] GC(3) Concurrent Cycle 17.638ms
[2022-11-08T11:42:35.840+0700][5.454s] GC(4) Pause Young (Concurrent Start) (Metadata GC Threshold)
[2022-11-08T11:42:35.840+0700][5.454s] GC(4) Using 8 workers of 8 for evacuation
[2022-11-08T11:42:35.855+0700][5.469s] GC(4)   Pre Evacuate Collection Set: 0.1ms
[2022-11-08T11:42:35.855+0700][5.469s] GC(4)   Merge Heap Roots: 0.1ms
[2022-11-08T11:42:35.855+0700][5.469s] GC(4)   Evacuate Collection Set: 13.6ms
[2022-11-08T11:42:35.855+0700][5.469s] GC(4)   Post Evacuate Collection Set: 1.2ms
[2022-11-08T11:42:35.855+0700][5.469s] GC(4)   Other: 0.2ms
[2022-11-08T11:42:35.855+0700][5.469s] GC(4) Eden regions: 238->0(283)
[2022-11-08T11:42:35.855+0700][5.469s] GC(4) Survivor regions: 13->24(39)
[2022-11-08T11:42:35.855+0700][5.469s] GC(4) Old regions: 6->6
[2022-11-08T11:42:35.855+0700][5.469s] GC(4) Archive regions: 2->2
[2022-11-08T11:42:35.855+0700][5.469s] GC(4) Humongous regions: 7->5
[2022-11-08T11:42:35.855+0700][5.469s] GC(4) Metaspace: 34851K(35840K)->34851K(35840K) NonClass: 30739K(31488K)->30739K(31488K) Class: 4111K(4352K)->4111K(4352K)
[2022-11-08T11:42:35.855+0700][5.469s] GC(4) Pause Young (Concurrent Start) (Metadata GC Threshold) 263M->34M(512M) 15.361ms
[2022-11-08T11:42:35.855+0700][5.469s] GC(4) User=0.07s Sys=0.01s Real=0.01s
[2022-11-08T11:42:35.855+0700][5.469s] GC(5) Concurrent Cycle
[2022-11-08T11:42:35.855+0700][5.469s] GC(5) Concurrent Clear Claimed Marks
[2022-11-08T11:42:35.855+0700][5.469s] GC(5) Concurrent Clear Claimed Marks 0.024ms
[2022-11-08T11:42:35.855+0700][5.469s] GC(5) Concurrent Scan Root Regions
[2022-11-08T11:42:35.861+0700][5.475s] GC(5) Concurrent Scan Root Regions 5.997ms
[2022-11-08T11:42:35.861+0700][5.475s] GC(5) Concurrent Mark (5.475s)
[2022-11-08T11:42:35.861+0700][5.475s] GC(5) Concurrent Mark From Roots
[2022-11-08T11:42:35.861+0700][5.475s] GC(5) Using 2 workers of 2 for marking
[2022-11-08T11:42:35.870+0700][5.484s] GC(5) Concurrent Mark From Roots 8.288ms
[2022-11-08T11:42:35.870+0700][5.484s] GC(5) Concurrent Preclean
[2022-11-08T11:42:35.870+0700][5.484s] GC(5) Concurrent Preclean 0.027ms
[2022-11-08T11:42:35.870+0700][5.484s] GC(5) Concurrent Mark (5.475s, 5.484s) 8.381ms
[2022-11-08T11:42:35.870+0700][5.484s] GC(5) Pause Remark
[2022-11-08T11:42:35.871+0700][5.485s] GC(5) Pause Remark 36M->36M(512M) 1.498ms
[2022-11-08T11:42:35.871+0700][5.485s] GC(5) User=0.01s Sys=0.00s Real=0.00s
[2022-11-08T11:42:35.871+0700][5.485s] GC(5) Concurrent Rebuild Remembered Sets
[2022-11-08T11:42:35.875+0700][5.489s] GC(5) Concurrent Rebuild Remembered Sets 3.498ms
[2022-11-08T11:42:35.875+0700][5.489s] GC(5) Pause Cleanup
[2022-11-08T11:42:35.876+0700][5.490s] GC(5) Pause Cleanup 37M->37M(512M) 1.077ms
[2022-11-08T11:42:35.876+0700][5.490s] GC(5) User=0.00s Sys=0.00s Real=0.00s
[2022-11-08T11:42:35.878+0700][5.492s] GC(5) Concurrent Cleanup for Next Mark
[2022-11-08T11:42:35.879+0700][5.493s] GC(5) Concurrent Cleanup for Next Mark 1.164ms
[2022-11-08T11:42:35.879+0700][5.493s] GC(5) Concurrent Cycle 23.869ms
[2022-11-08T11:43:55.461+0700][85.077s] GC(6) Pause Young (Normal) (G1 Evacuation Pause)
[2022-11-08T11:43:55.461+0700][85.078s] GC(6) Using 8 workers of 8 for evacuation
[2022-11-08T11:43:55.486+0700][85.102s] GC(6)   Pre Evacuate Collection Set: 0.1ms
[2022-11-08T11:43:55.486+0700][85.102s] GC(6)   Merge Heap Roots: 0.1ms
[2022-11-08T11:43:55.486+0700][85.102s] GC(6)   Evacuate Collection Set: 22.6ms
[2022-11-08T11:43:55.486+0700][85.102s] GC(6)   Post Evacuate Collection Set: 1.8ms
[2022-11-08T11:43:55.486+0700][85.102s] GC(6)   Other: 0.5ms
[2022-11-08T11:43:55.486+0700][85.102s] GC(6) Eden regions: 283->0(278)
[2022-11-08T11:43:55.486+0700][85.102s] GC(6) Survivor regions: 24->29(39)
[2022-11-08T11:43:55.486+0700][85.102s] GC(6) Old regions: 6->8
[2022-11-08T11:43:55.486+0700][85.102s] GC(6) Archive regions: 2->2
[2022-11-08T11:43:55.486+0700][85.103s] GC(6) Humongous regions: 8->8
[2022-11-08T11:43:55.486+0700][85.103s] GC(6) Metaspace: 48252K(49536K)->48252K(49536K) NonClass: 42451K(43520K)->42451K(43520K) Class: 5800K(6016K)->5800K(6016K)
[2022-11-08T11:43:55.486+0700][85.103s] GC(6) Pause Young (Normal) (G1 Evacuation Pause) 320M->44M(512M) 25.068ms
[2022-11-08T11:43:55.486+0700][85.103s] GC(6) User=0.10s Sys=0.00s Real=0.02s
[2022-11-08T12:58:57.648+0700][4587.401s] GC(7) Pause Young (Normal) (G1 Evacuation Pause)
[2022-11-08T12:58:57.648+0700][4587.401s] GC(7) Using 8 workers of 8 for evacuation
[2022-11-08T12:58:57.727+0700][4587.479s] GC(7)   Pre Evacuate Collection Set: 0.2ms
[2022-11-08T12:58:57.727+0700][4587.479s] GC(7)   Merge Heap Roots: 0.2ms
[2022-11-08T12:58:57.727+0700][4587.479s] GC(7)   Evacuate Collection Set: 75.8ms
[2022-11-08T12:58:57.727+0700][4587.479s] GC(7)   Post Evacuate Collection Set: 1.8ms
[2022-11-08T12:58:57.727+0700][4587.479s] GC(7)   Other: 0.6ms
[2022-11-08T12:58:57.727+0700][4587.479s] GC(7) Eden regions: 278->0(285)
[2022-11-08T12:58:57.727+0700][4587.479s] GC(7) Survivor regions: 29->22(39)
[2022-11-08T12:58:57.727+0700][4587.479s] GC(7) Old regions: 8->17
[2022-11-08T12:58:57.727+0700][4587.479s] GC(7) Archive regions: 2->2
[2022-11-08T12:58:57.727+0700][4587.479s] GC(7) Humongous regions: 8->8
[2022-11-08T12:58:57.727+0700][4587.479s] GC(7) Metaspace: 51036K(52352K)->51036K(52352K) NonClass: 45022K(46080K)->45022K(46080K) Class: 6013K(6272K)->6013K(6272K)
[2022-11-08T12:58:57.727+0700][4587.479s] GC(7) Pause Young (Normal) (G1 Evacuation Pause) 322M->47M(512M) 78.720ms
[2022-11-08T12:58:57.727+0700][4587.479s] GC(7) User=0.12s Sys=0.24s Real=0.08s
[2022-11-08T13:08:09.868+0700][5139.625s] GC(8) Pause Young (Normal) (G1 Evacuation Pause)
[2022-11-08T13:08:09.868+0700][5139.625s] GC(8) Using 8 workers of 8 for evacuation
[2022-11-08T13:08:09.893+0700][5139.650s] GC(8)   Pre Evacuate Collection Set: 0.3ms
[2022-11-08T13:08:09.893+0700][5139.650s] GC(8)   Merge Heap Roots: 0.1ms
[2022-11-08T13:08:09.893+0700][5139.650s] GC(8)   Evacuate Collection Set: 22.8ms
[2022-11-08T13:08:09.893+0700][5139.650s] GC(8)   Post Evacuate Collection Set: 1.8ms
[2022-11-08T13:08:09.893+0700][5139.650s] GC(8)   Other: 0.4ms
[2022-11-08T13:08:09.893+0700][5139.650s] GC(8) Eden regions: 285->0(292)
[2022-11-08T13:08:09.893+0700][5139.650s] GC(8) Survivor regions: 22->15(39)
[2022-11-08T13:08:09.894+0700][5139.650s] GC(8) Old regions: 17->28
[2022-11-08T13:08:09.894+0700][5139.650s] GC(8) Archive regions: 2->2
[2022-11-08T13:08:09.894+0700][5139.650s] GC(8) Humongous regions: 10->8
[2022-11-08T13:08:09.894+0700][5139.650s] GC(8) Metaspace: 55545K(57216K)->55545K(57216K) NonClass: 49114K(50432K)->49114K(50432K) Class: 6430K(6784K)->6430K(6784K)
[2022-11-08T13:08:09.894+0700][5139.650s] GC(8) Pause Young (Normal) (G1 Evacuation Pause) 334M->51M(512M) 25.680ms
[2022-11-08T13:08:09.894+0700][5139.650s] GC(8) User=0.07s Sys=0.07s Real=0.03s
[2022-11-08T13:08:31.494+0700][5161.251s] GC(9) Pause Young (Concurrent Start) (Metadata GC Threshold)
[2022-11-08T13:08:31.494+0700][5161.251s] GC(9) Using 8 workers of 8 for evacuation
[2022-11-08T13:08:31.504+0700][5161.262s] GC(9)   Pre Evacuate Collection Set: 0.3ms
[2022-11-08T13:08:31.504+0700][5161.262s] GC(9)   Merge Heap Roots: 0.2ms
[2022-11-08T13:08:31.504+0700][5161.262s] GC(9)   Evacuate Collection Set: 8.9ms
[2022-11-08T13:08:31.504+0700][5161.262s] GC(9)   Post Evacuate Collection Set: 0.9ms
[2022-11-08T13:08:31.505+0700][5161.262s] GC(9)   Other: 0.6ms
[2022-11-08T13:08:31.505+0700][5161.262s] GC(9) Eden regions: 134->0(291)
[2022-11-08T13:08:31.505+0700][5161.262s] GC(9) Survivor regions: 15->16(39)
[2022-11-08T13:08:31.505+0700][5161.262s] GC(9) Old regions: 28->28
[2022-11-08T13:08:31.505+0700][5161.262s] GC(9) Archive regions: 2->2
[2022-11-08T13:08:31.505+0700][5161.262s] GC(9) Humongous regions: 10->8
[2022-11-08T13:08:31.505+0700][5161.262s] GC(9) Metaspace: 58533K(60160K)->58533K(60160K) NonClass: 51808K(52992K)->51808K(52992K) Class: 6724K(7168K)->6724K(7168K)
[2022-11-08T13:08:31.505+0700][5161.262s] GC(9) Pause Young (Concurrent Start) (Metadata GC Threshold) 187M->52M(512M) 10.965ms
[2022-11-08T13:08:31.505+0700][5161.262s] GC(9) User=0.05s Sys=0.00s Real=0.01s
[2022-11-08T13:08:31.505+0700][5161.262s] GC(10) Concurrent Cycle
[2022-11-08T13:08:31.505+0700][5161.262s] GC(10) Concurrent Clear Claimed Marks
[2022-11-08T13:08:31.505+0700][5161.262s] GC(10) Concurrent Clear Claimed Marks 0.042ms
[2022-11-08T13:08:31.505+0700][5161.262s] GC(10) Concurrent Scan Root Regions
[2022-11-08T13:08:31.513+0700][5161.271s] GC(10) Concurrent Scan Root Regions 8.556ms
[2022-11-08T13:08:31.513+0700][5161.271s] GC(10) Concurrent Mark (5161.271s)
[2022-11-08T13:08:31.513+0700][5161.271s] GC(10) Concurrent Mark From Roots
[2022-11-08T13:08:31.514+0700][5161.271s] GC(10) Using 2 workers of 2 for marking
[2022-11-08T13:08:31.554+0700][5161.312s] GC(10) Concurrent Mark From Roots 40.818ms
[2022-11-08T13:08:31.554+0700][5161.312s] GC(10) Concurrent Preclean
[2022-11-08T13:08:31.555+0700][5161.312s] GC(10) Concurrent Preclean 0.223ms
[2022-11-08T13:08:31.555+0700][5161.312s] GC(10) Concurrent Mark (5161.271s, 5161.312s) 41.149ms
[2022-11-08T13:08:31.555+0700][5161.312s] GC(10) Pause Remark
[2022-11-08T13:08:31.596+0700][5161.353s] GC(10) Pause Remark 57M->57M(512M) 40.856ms
[2022-11-08T13:08:31.596+0700][5161.353s] GC(10) User=0.04s Sys=0.09s Real=0.04s
[2022-11-08T13:08:31.596+0700][5161.353s] GC(10) Concurrent Rebuild Remembered Sets
[2022-11-08T13:08:31.615+0700][5161.372s] GC(10) Concurrent Rebuild Remembered Sets 19.058ms
[2022-11-08T13:08:31.616+0700][5161.373s] GC(10) Pause Cleanup
[2022-11-08T13:08:31.616+0700][5161.374s] GC(10) Pause Cleanup 61M->61M(512M) 0.232ms
[2022-11-08T13:08:31.616+0700][5161.374s] GC(10) User=0.00s Sys=0.00s Real=0.00s
[2022-11-08T13:08:31.617+0700][5161.374s] GC(10) Concurrent Cleanup for Next Mark
[2022-11-08T13:08:31.622+0700][5161.379s] GC(10) Concurrent Cleanup for Next Mark 5.051ms
[2022-11-08T13:08:31.622+0700][5161.379s] GC(10) Concurrent Cycle 116.912ms
[2022-11-08T13:09:37.074+0700][5226.834s] GC(11) Pause Young (Normal) (G1 Evacuation Pause)
[2022-11-08T13:09:37.074+0700][5226.834s] GC(11) Using 8 workers of 8 for evacuation
[2022-11-08T13:09:37.087+0700][5226.846s] GC(11)   Pre Evacuate Collection Set: 0.1ms
[2022-11-08T13:09:37.087+0700][5226.846s] GC(11)   Merge Heap Roots: 0.1ms
[2022-11-08T13:09:37.087+0700][5226.846s] GC(11)   Evacuate Collection Set: 11.3ms
[2022-11-08T13:09:37.087+0700][5226.846s] GC(11)   Post Evacuate Collection Set: 1.1ms
[2022-11-08T13:09:37.087+0700][5226.846s] GC(11)   Other: 0.2ms
[2022-11-08T13:09:37.087+0700][5226.846s] GC(11) Eden regions: 291->0(290)
[2022-11-08T13:09:37.087+0700][5226.846s] GC(11) Survivor regions: 16->17(39)
[2022-11-08T13:09:37.087+0700][5226.847s] GC(11) Old regions: 28->28
[2022-11-08T13:09:37.087+0700][5226.847s] GC(11) Archive regions: 2->2
[2022-11-08T13:09:37.087+0700][5226.847s] GC(11) Humongous regions: 10->8
[2022-11-08T13:09:37.087+0700][5226.847s] GC(11) Metaspace: 62875K(65024K)->62875K(65024K) NonClass: 55734K(57344K)->55734K(57344K) Class: 7140K(7680K)->7140K(7680K)
[2022-11-08T13:09:37.087+0700][5226.847s] GC(11) Pause Young (Normal) (G1 Evacuation Pause) 345M->53M(512M) 12.860ms
[2022-11-08T13:09:37.087+0700][5226.847s] GC(11) User=0.06s Sys=0.01s Real=0.01s
[2022-11-08T13:18:45.247+0700][5775.021s] GC(12) Pause Young (Normal) (G1 Evacuation Pause)
[2022-11-08T13:18:45.247+0700][5775.022s] GC(12) Using 8 workers of 8 for evacuation
[2022-11-08T13:18:45.260+0700][5775.035s] GC(12)   Pre Evacuate Collection Set: 0.1ms
[2022-11-08T13:18:45.260+0700][5775.035s] GC(12)   Merge Heap Roots: 0.1ms
[2022-11-08T13:18:45.260+0700][5775.035s] GC(12)   Evacuate Collection Set: 11.6ms
[2022-11-08T13:18:45.260+0700][5775.035s] GC(12)   Post Evacuate Collection Set: 1.3ms
[2022-11-08T13:18:45.260+0700][5775.035s] GC(12)   Other: 0.5ms
[2022-11-08T13:18:45.260+0700][5775.035s] GC(12) Eden regions: 290->0(287)
[2022-11-08T13:18:45.260+0700][5775.035s] GC(12) Survivor regions: 17->20(39)
[2022-11-08T13:18:45.260+0700][5775.035s] GC(12) Old regions: 28->28
[2022-11-08T13:18:45.260+0700][5775.035s] GC(12) Archive regions: 2->2
[2022-11-08T13:18:45.260+0700][5775.035s] GC(12) Humongous regions: 11->8
[2022-11-08T13:18:45.260+0700][5775.035s] GC(12) Metaspace: 66771K(68864K)->66771K(68864K) NonClass: 59282K(60928K)->59282K(60928K) Class: 7488K(7936K)->7488K(7936K)
[2022-11-08T13:18:45.260+0700][5775.035s] GC(12) Pause Young (Normal) (G1 Evacuation Pause) 346M->56M(512M) 13.689ms
[2022-11-08T13:18:45.260+0700][5775.035s] GC(12) User=0.07s Sys=0.02s Real=0.02s
[2022-11-08T15:10:33.907+0700][8506.114s] GC(13) Pause Young (Normal) (G1 Evacuation Pause)
[2022-11-08T15:10:33.907+0700][8506.115s] GC(13) Using 8 workers of 8 for evacuation
[2022-11-08T15:10:34.002+0700][8506.209s] GC(13)   Pre Evacuate Collection Set: 0.6ms
[2022-11-08T15:10:34.002+0700][8506.209s] GC(13)   Merge Heap Roots: 0.4ms
[2022-11-08T15:10:34.002+0700][8506.209s] GC(13)   Evacuate Collection Set: 90.0ms
[2022-11-08T15:10:34.002+0700][8506.209s] GC(13)   Post Evacuate Collection Set: 3.5ms
[2022-11-08T15:10:34.002+0700][8506.209s] GC(13)   Other: 0.7ms
[2022-11-08T15:10:34.002+0700][8506.210s] GC(13) Eden regions: 287->0(287)
[2022-11-08T15:10:34.002+0700][8506.210s] GC(13) Survivor regions: 20->20(39)
[2022-11-08T15:10:34.002+0700][8506.210s] GC(13) Old regions: 28->28
[2022-11-08T15:10:34.002+0700][8506.210s] GC(13) Archive regions: 2->2
[2022-11-08T15:10:34.002+0700][8506.210s] GC(13) Humongous regions: 9->8
[2022-11-08T15:10:34.002+0700][8506.210s] GC(13) Metaspace: 69714K(72064K)->69714K(72064K) NonClass: 61986K(63744K)->61986K(63744K) Class: 7728K(8320K)->7728K(8320K)
[2022-11-08T15:10:34.002+0700][8506.210s] GC(13) Pause Young (Normal) (G1 Evacuation Pause) 344M->56M(512M) 95.306ms
[2022-11-08T15:10:34.002+0700][8506.210s] GC(13) User=0.11s Sys=0.34s Real=0.10s
[2022-11-08T15:11:02.270+0700][8534.479s] GC(14) Pause Young (Normal) (G1 Evacuation Pause)
[2022-11-08T15:11:02.271+0700][8534.480s] GC(14) Using 8 workers of 8 for evacuation
[2022-11-08T15:11:02.293+0700][8534.501s] GC(14)   Pre Evacuate Collection Set: 0.1ms
[2022-11-08T15:11:02.293+0700][8534.501s] GC(14)   Merge Heap Roots: 0.1ms
[2022-11-08T15:11:02.293+0700][8534.501s] GC(14)   Evacuate Collection Set: 19.4ms
[2022-11-08T15:11:02.293+0700][8534.501s] GC(14)   Post Evacuate Collection Set: 1.7ms
[2022-11-08T15:11:02.293+0700][8534.501s] GC(14)   Other: 1.1ms
[2022-11-08T15:11:02.293+0700][8534.501s] GC(14) Eden regions: 287->0(284)
[2022-11-08T15:11:02.293+0700][8534.501s] GC(14) Survivor regions: 20->23(39)
[2022-11-08T15:11:02.293+0700][8534.501s] GC(14) Old regions: 28->28
[2022-11-08T15:11:02.293+0700][8534.501s] GC(14) Archive regions: 2->2
[2022-11-08T15:11:02.293+0700][8534.501s] GC(14) Humongous regions: 11->8
[2022-11-08T15:11:02.293+0700][8534.501s] GC(14) Metaspace: 74187K(76928K)->74187K(76928K) NonClass: 66018K(68096K)->66018K(68096K) Class: 8168K(8832K)->8168K(8832K)
[2022-11-08T15:11:02.293+0700][8534.501s] GC(14) Pause Young (Normal) (G1 Evacuation Pause) 346M->59M(512M) 22.602ms
[2022-11-08T15:11:02.293+0700][8534.501s] GC(14) User=0.09s Sys=0.05s Real=0.02s
[2022-11-08T15:12:16.898+0700][8609.109s] GC(15) Pause Young (Normal) (G1 Evacuation Pause)
[2022-11-08T15:12:16.899+0700][8609.110s] GC(15) Using 8 workers of 8 for evacuation
[2022-11-08T15:12:16.917+0700][8609.128s] GC(15)   Pre Evacuate Collection Set: 0.1ms
[2022-11-08T15:12:16.917+0700][8609.128s] GC(15)   Merge Heap Roots: 0.1ms
[2022-11-08T15:12:16.917+0700][8609.128s] GC(15)   Evacuate Collection Set: 14.9ms
[2022-11-08T15:12:16.917+0700][8609.128s] GC(15)   Post Evacuate Collection Set: 2.3ms
[2022-11-08T15:12:16.917+0700][8609.128s] GC(15)   Other: 1.2ms
[2022-11-08T15:12:16.917+0700][8609.128s] GC(15) Eden regions: 284->0(288)
[2022-11-08T15:12:16.917+0700][8609.128s] GC(15) Survivor regions: 23->19(39)
[2022-11-08T15:12:16.917+0700][8609.128s] GC(15) Old regions: 28->35
[2022-11-08T15:12:16.917+0700][8609.128s] GC(15) Archive regions: 2->2
[2022-11-08T15:12:16.917+0700][8609.128s] GC(15) Humongous regions: 11->8
[2022-11-08T15:12:16.917+0700][8609.128s] GC(15) Metaspace: 79138K(81536K)->79138K(81536K) NonClass: 70464K(72192K)->70464K(72192K) Class: 8674K(9344K)->8674K(9344K)
[2022-11-08T15:12:16.917+0700][8609.128s] GC(15) Pause Young (Normal) (G1 Evacuation Pause) 346M->61M(512M) 18.678ms
[2022-11-08T15:12:16.917+0700][8609.128s] GC(15) User=0.10s Sys=0.01s Real=0.02s
[2022-11-08T15:15:42.918+0700][8815.136s] GC(16) Pause Young (Normal) (G1 Evacuation Pause)
[2022-11-08T15:15:42.920+0700][8815.137s] GC(16) Using 8 workers of 8 for evacuation
[2022-11-08T15:15:42.934+0700][8815.151s] GC(16)   Pre Evacuate Collection Set: 0.1ms
[2022-11-08T15:15:42.934+0700][8815.151s] GC(16)   Merge Heap Roots: 0.1ms
[2022-11-08T15:15:42.934+0700][8815.151s] GC(16)   Evacuate Collection Set: 12.0ms
[2022-11-08T15:15:42.934+0700][8815.151s] GC(16)   Post Evacuate Collection Set: 1.7ms
[2022-11-08T15:15:42.934+0700][8815.151s] GC(16)   Other: 1.5ms
[2022-11-08T15:15:42.934+0700][8815.151s] GC(16) Eden regions: 288->0(289)
[2022-11-08T15:15:42.934+0700][8815.151s] GC(16) Survivor regions: 19->18(39)
[2022-11-08T15:15:42.934+0700][8815.151s] GC(16) Old regions: 35->35
[2022-11-08T15:15:42.934+0700][8815.151s] GC(16) Archive regions: 2->2
[2022-11-08T15:15:42.934+0700][8815.151s] GC(16) Humongous regions: 10->8
[2022-11-08T15:15:42.934+0700][8815.151s] GC(16) Metaspace: 82647K(85376K)->82647K(85376K) NonClass: 73628K(75520K)->73628K(75520K) Class: 9019K(9856K)->9019K(9856K)
[2022-11-08T15:15:42.934+0700][8815.151s] GC(16) Pause Young (Normal) (G1 Evacuation Pause) 351M->60M(512M) 15.659ms
[2022-11-08T15:15:42.934+0700][8815.151s] GC(16) User=0.06s Sys=0.01s Real=0.02s
[2022-11-08T15:17:14.363+0700][8906.584s] GC(17) Pause Young (Normal) (G1 Evacuation Pause)
[2022-11-08T15:17:14.364+0700][8906.584s] GC(17) Using 8 workers of 8 for evacuation
[2022-11-08T15:17:14.376+0700][8906.596s] GC(17)   Pre Evacuate Collection Set: 0.1ms
[2022-11-08T15:17:14.376+0700][8906.596s] GC(17)   Merge Heap Roots: 0.1ms
[2022-11-08T15:17:14.376+0700][8906.596s] GC(17)   Evacuate Collection Set: 10.9ms
[2022-11-08T15:17:14.376+0700][8906.596s] GC(17)   Post Evacuate Collection Set: 1.5ms
[2022-11-08T15:17:14.376+0700][8906.597s] GC(17)   Other: 0.2ms
[2022-11-08T15:17:14.376+0700][8906.597s] GC(17) Eden regions: 289->0(284)
[2022-11-08T15:17:14.376+0700][8906.597s] GC(17) Survivor regions: 18->23(39)
[2022-11-08T15:17:14.376+0700][8906.597s] GC(17) Old regions: 35->35
[2022-11-08T15:17:14.376+0700][8906.597s] GC(17) Archive regions: 2->2
[2022-11-08T15:17:14.376+0700][8906.597s] GC(17) Humongous regions: 11->8
[2022-11-08T15:17:14.376+0700][8906.597s] GC(17) Metaspace: 86720K(89600K)->86720K(89600K) NonClass: 77308K(79360K)->77308K(79360K) Class: 9411K(10240K)->9411K(10240K)
[2022-11-08T15:17:14.376+0700][8906.597s] GC(17) Pause Young (Normal) (G1 Evacuation Pause) 352M->65M(512M) 12.939ms
[2022-11-08T15:17:14.376+0700][8906.597s] GC(17) User=0.07s Sys=0.00s Real=0.01s
[2022-11-08T15:19:49.342+0700][9061.567s] GC(18) Pause Young (Normal) (G1 Evacuation Pause)
[2022-11-08T15:19:49.342+0700][9061.567s] GC(18) Using 8 workers of 8 for evacuation
[2022-11-08T15:19:49.356+0700][9061.581s] GC(18)   Pre Evacuate Collection Set: 0.1ms
[2022-11-08T15:19:49.356+0700][9061.581s] GC(18)   Merge Heap Roots: 0.1ms
[2022-11-08T15:19:49.356+0700][9061.581s] GC(18)   Evacuate Collection Set: 11.5ms
[2022-11-08T15:19:49.356+0700][9061.581s] GC(18)   Post Evacuate Collection Set: 1.7ms
[2022-11-08T15:19:49.356+0700][9061.581s] GC(18)   Other: 0.2ms
[2022-11-08T15:19:49.356+0700][9061.581s] GC(18) Eden regions: 284->0(285)
[2022-11-08T15:19:49.356+0700][9061.581s] GC(18) Survivor regions: 23->22(39)
[2022-11-08T15:19:49.356+0700][9061.581s] GC(18) Old regions: 35->37
[2022-11-08T15:19:49.356+0700][9061.581s] GC(18) Archive regions: 2->2
[2022-11-08T15:19:49.356+0700][9061.581s] GC(18) Humongous regions: 11->8
[2022-11-08T15:19:49.356+0700][9061.581s] GC(18) Metaspace: 91158K(94464K)->91158K(94464K) NonClass: 81309K(83712K)->81309K(83712K) Class: 9849K(10752K)->9849K(10752K)
[2022-11-08T15:19:49.356+0700][9061.581s] GC(18) Pause Young (Normal) (G1 Evacuation Pause) 352M->67M(512M) 13.799ms
[2022-11-08T15:19:49.356+0700][9061.581s] GC(18) User=0.08s Sys=0.00s Real=0.01s
[2022-11-08T15:24:39.093+0700][9351.327s] GC(19) Pause Young (Normal) (G1 Evacuation Pause)
[2022-11-08T15:24:39.093+0700][9351.327s] GC(19) Using 8 workers of 8 for evacuation
[2022-11-08T15:24:39.105+0700][9351.340s] GC(19)   Pre Evacuate Collection Set: 0.1ms
[2022-11-08T15:24:39.105+0700][9351.340s] GC(19)   Merge Heap Roots: 0.1ms
[2022-11-08T15:24:39.106+0700][9351.340s] GC(19)   Evacuate Collection Set: 10.6ms
[2022-11-08T15:24:39.106+0700][9351.340s] GC(19)   Post Evacuate Collection Set: 1.7ms
[2022-11-08T15:24:39.106+0700][9351.340s] GC(19)   Other: 0.4ms
[2022-11-08T15:24:39.106+0700][9351.340s] GC(19) Eden regions: 285->0(287)
[2022-11-08T15:24:39.106+0700][9351.340s] GC(19) Survivor regions: 22->20(39)
[2022-11-08T15:24:39.106+0700][9351.340s] GC(19) Old regions: 37->39
[2022-11-08T15:24:39.106+0700][9351.340s] GC(19) Archive regions: 2->2
[2022-11-08T15:24:39.106+0700][9351.340s] GC(19) Humongous regions: 11->8
[2022-11-08T15:24:39.106+0700][9351.340s] GC(19) Metaspace: 95468K(99072K)->95468K(99072K) NonClass: 85179K(87808K)->85179K(87808K) Class: 10289K(11264K)->10289K(11264K)
[2022-11-08T15:24:39.106+0700][9351.340s] GC(19) Pause Young (Normal) (G1 Evacuation Pause) 355M->67M(512M) 13.144ms
[2022-11-08T15:24:39.106+0700][9351.340s] GC(19) User=0.08s Sys=0.00s Real=0.01s
[2022-11-08T15:26:13.228+0700][9445.465s] GC(20) Pause Young (Concurrent Start) (Metadata GC Threshold)
[2022-11-08T15:26:13.228+0700][9445.465s] GC(20) Using 8 workers of 8 for evacuation
[2022-11-08T15:26:13.240+0700][9445.478s] GC(20)   Pre Evacuate Collection Set: 0.2ms
[2022-11-08T15:26:13.240+0700][9445.478s] GC(20)   Merge Heap Roots: 0.1ms
[2022-11-08T15:26:13.240+0700][9445.478s] GC(20)   Evacuate Collection Set: 10.1ms
[2022-11-08T15:26:13.240+0700][9445.478s] GC(20)   Post Evacuate Collection Set: 1.5ms
[2022-11-08T15:26:13.240+0700][9445.478s] GC(20)   Other: 0.3ms
[2022-11-08T15:26:13.240+0700][9445.478s] GC(20) Eden regions: 186->0(284)
[2022-11-08T15:26:13.240+0700][9445.478s] GC(20) Survivor regions: 20->23(39)
[2022-11-08T15:26:13.240+0700][9445.478s] GC(20) Old regions: 39->39
[2022-11-08T15:26:13.240+0700][9445.478s] GC(20) Archive regions: 2->2
[2022-11-08T15:26:13.240+0700][9445.478s] GC(20) Humongous regions: 9->8
[2022-11-08T15:26:13.240+0700][9445.478s] GC(20) Metaspace: 97194K(100696K)->97194K(100696K) NonClass: 86745K(89304K)->86745K(89304K) Class: 10449K(11392K)->10449K(11392K)
[2022-11-08T15:26:13.241+0700][9445.478s] GC(20) Pause Young (Concurrent Start) (Metadata GC Threshold) 253M->70M(512M) 12.367ms
[2022-11-08T15:26:13.241+0700][9445.478s] GC(20) User=0.08s Sys=0.00s Real=0.02s
[2022-11-08T15:26:13.241+0700][9445.478s] GC(21) Concurrent Cycle
[2022-11-08T15:26:13.241+0700][9445.478s] GC(21) Concurrent Clear Claimed Marks
[2022-11-08T15:26:13.241+0700][9445.478s] GC(21) Concurrent Clear Claimed Marks 0.060ms
[2022-11-08T15:26:13.241+0700][9445.478s] GC(21) Concurrent Scan Root Regions
[2022-11-08T15:26:13.248+0700][9445.485s] GC(21) Concurrent Scan Root Regions 7.480ms
[2022-11-08T15:26:13.248+0700][9445.485s] GC(21) Concurrent Mark (9445.485s)
[2022-11-08T15:26:13.248+0700][9445.485s] GC(21) Concurrent Mark From Roots
[2022-11-08T15:26:13.248+0700][9445.485s] GC(21) Using 2 workers of 2 for marking
[2022-11-08T15:26:13.289+0700][9445.526s] GC(21) Concurrent Mark From Roots 40.476ms
[2022-11-08T15:26:13.289+0700][9445.526s] GC(21) Concurrent Preclean
[2022-11-08T15:26:13.289+0700][9445.526s] GC(21) Concurrent Preclean 0.192ms
[2022-11-08T15:26:13.289+0700][9445.526s] GC(21) Concurrent Mark (9445.485s, 9445.526s) 40.798ms
[2022-11-08T15:26:13.289+0700][9445.526s] GC(21) Pause Remark
[2022-11-08T15:26:13.348+0700][9445.585s] GC(21) Pause Remark 75M->75M(512M) 58.279ms
[2022-11-08T15:26:13.348+0700][9445.585s] GC(21) User=0.07s Sys=0.20s Real=0.06s
[2022-11-08T15:26:13.348+0700][9445.585s] GC(21) Concurrent Rebuild Remembered Sets
[2022-11-08T15:26:13.365+0700][9445.602s] GC(21) Concurrent Rebuild Remembered Sets 17.160ms
[2022-11-08T15:26:13.365+0700][9445.602s] GC(21) Pause Cleanup
[2022-11-08T15:26:13.365+0700][9445.603s] GC(21) Pause Cleanup 78M->78M(512M) 0.213ms
[2022-11-08T15:26:13.365+0700][9445.603s] GC(21) User=0.01s Sys=0.00s Real=0.00s
[2022-11-08T15:26:13.365+0700][9445.603s] GC(21) Concurrent Cleanup for Next Mark
[2022-11-08T15:26:13.369+0700][9445.606s] GC(21) Concurrent Cleanup for Next Mark 3.618ms
[2022-11-08T15:26:13.369+0700][9445.606s] GC(21) Concurrent Cycle 128.525ms
[2022-11-09T10:49:51.589+0700][55499.486s] GC(22) Pause Young (Normal) (G1 Evacuation Pause)
[2022-11-09T10:49:51.591+0700][55499.488s] GC(22) Using 8 workers of 8 for evacuation
[2022-11-09T10:49:51.667+0700][55499.564s] GC(22)   Pre Evacuate Collection Set: 1.8ms
[2022-11-09T10:49:51.667+0700][55499.564s] GC(22)   Merge Heap Roots: 1.0ms
[2022-11-09T10:49:51.667+0700][55499.564s] GC(22)   Evacuate Collection Set: 65.9ms
[2022-11-09T10:49:51.667+0700][55499.564s] GC(22)   Post Evacuate Collection Set: 4.5ms
[2022-11-09T10:49:51.667+0700][55499.564s] GC(22)   Other: 6.1ms
[2022-11-09T10:49:51.668+0700][55499.565s] GC(22) Eden regions: 284->0(289)
[2022-11-09T10:49:51.668+0700][55499.565s] GC(22) Survivor regions: 23->18(39)
[2022-11-09T10:49:51.668+0700][55499.565s] GC(22) Old regions: 39->42
[2022-11-09T10:49:51.668+0700][55499.565s] GC(22) Archive regions: 2->2
[2022-11-09T10:49:51.668+0700][55499.565s] GC(22) Humongous regions: 8->8
[2022-11-09T10:49:51.668+0700][55499.565s] GC(22) Metaspace: 95905K(100952K)->95905K(100952K) NonClass: 85606K(89560K)->85606K(89560K) Class: 10299K(11392K)->10299K(11392K)
[2022-11-09T10:49:51.668+0700][55499.565s] GC(22) Pause Young (Normal) (G1 Evacuation Pause) 354M->68M(512M) 78.959ms
[2022-11-09T10:49:51.668+0700][55499.565s] GC(22) User=0.11s Sys=0.31s Real=0.08s
[2022-11-10T17:54:19.508+0700][167371.437s] GC(23) Pause Young (Normal) (G1 Evacuation Pause)
[2022-11-10T17:54:19.522+0700][167371.445s] GC(23) Using 8 workers of 8 for evacuation
[2022-11-10T17:54:19.655+0700][167371.578s] GC(23)   Pre Evacuate Collection Set: 0.6ms
[2022-11-10T17:54:19.655+0700][167371.578s] GC(23)   Merge Heap Roots: 0.2ms
[2022-11-10T17:54:19.655+0700][167371.578s] GC(23)   Evacuate Collection Set: 126.1ms
[2022-11-10T17:54:19.655+0700][167371.578s] GC(23)   Post Evacuate Collection Set: 5.8ms
[2022-11-10T17:54:19.656+0700][167371.579s] GC(23)   Other: 14.2ms
[2022-11-10T17:54:19.656+0700][167371.579s] GC(23) Eden regions: 289->0(290)
[2022-11-10T17:54:19.656+0700][167371.579s] GC(23) Survivor regions: 18->17(39)
[2022-11-10T17:54:19.656+0700][167371.579s] GC(23) Old regions: 42->42
[2022-11-10T17:54:19.656+0700][167371.579s] GC(23) Archive regions: 2->2
[2022-11-10T17:54:19.656+0700][167371.579s] GC(23) Humongous regions: 8->8
[2022-11-10T17:54:19.656+0700][167371.579s] GC(23) Metaspace: 95916K(100952K)->95916K(100952K) NonClass: 85617K(89560K)->85617K(89560K) Class: 10299K(11392K)->10299K(11392K)
[2022-11-10T17:54:19.656+0700][167371.579s] GC(23) Pause Young (Normal) (G1 Evacuation Pause) 357M->67M(512M) 147.764ms
[2022-11-10T17:54:19.656+0700][167371.579s] GC(23) User=0.09s Sys=0.36s Real=0.15s
[2022-11-12T02:27:59.071+0700][284595.321s] GC(24) Pause Young (Normal) (G1 Evacuation Pause)
[2022-11-12T02:27:59.075+0700][284595.324s] GC(24) Using 8 workers of 8 for evacuation
[2022-11-12T02:27:59.327+0700][284595.576s] GC(24)   Pre Evacuate Collection Set: 10.0ms
[2022-11-12T02:27:59.327+0700][284595.576s] GC(24)   Merge Heap Roots: 3.2ms
[2022-11-12T02:27:59.327+0700][284595.576s] GC(24)   Evacuate Collection Set: 209.9ms
[2022-11-12T02:27:59.327+0700][284595.576s] GC(24)   Post Evacuate Collection Set: 19.3ms
[2022-11-12T02:27:59.328+0700][284595.577s] GC(24)   Other: 18.7ms
[2022-11-12T02:27:59.328+0700][284595.577s] GC(24) Eden regions: 290->0(289)
[2022-11-12T02:27:59.328+0700][284595.577s] GC(24) Survivor regions: 17->18(39)
[2022-11-12T02:27:59.328+0700][284595.577s] GC(24) Old regions: 42->42
[2022-11-12T02:27:59.328+0700][284595.577s] GC(24) Archive regions: 2->2
[2022-11-12T02:27:59.328+0700][284595.577s] GC(24) Humongous regions: 8->8
[2022-11-12T02:27:59.328+0700][284595.577s] GC(24) Metaspace: 95918K(100952K)->95918K(100952K) NonClass: 85619K(89560K)->85619K(89560K) Class: 10299K(11392K)->10299K(11392K)
[2022-11-12T02:27:59.329+0700][284595.578s] GC(24) Pause Young (Normal) (G1 Evacuation Pause) 357M->67M(512M) 258.765ms
[2022-11-12T02:27:59.329+0700][284595.578s] GC(24) User=0.10s Sys=0.47s Real=0.25s
[2022-11-13T09:51:23.773+0700][397604.126s] GC(25) Pause Young (Normal) (G1 Evacuation Pause)
[2022-11-13T09:51:23.774+0700][397604.127s] GC(25) Using 8 workers of 8 for evacuation
[2022-11-13T09:51:23.908+0700][397604.261s] GC(25)   Pre Evacuate Collection Set: 5.3ms
[2022-11-13T09:51:23.908+0700][397604.261s] GC(25)   Merge Heap Roots: 0.9ms
[2022-11-13T09:51:23.908+0700][397604.261s] GC(25)   Evacuate Collection Set: 120.3ms
[2022-11-13T09:51:23.908+0700][397604.261s] GC(25)   Post Evacuate Collection Set: 5.3ms
[2022-11-13T09:51:23.908+0700][397604.261s] GC(25)   Other: 3.6ms
[2022-11-13T09:51:23.908+0700][397604.261s] GC(25) Eden regions: 289->0(290)
[2022-11-13T09:51:23.908+0700][397604.261s] GC(25) Survivor regions: 18->17(39)
[2022-11-13T09:51:23.908+0700][397604.261s] GC(25) Old regions: 42->42
[2022-11-13T09:51:23.909+0700][397604.262s] GC(25) Archive regions: 2->2
[2022-11-13T09:51:23.909+0700][397604.262s] GC(25) Humongous regions: 8->8
[2022-11-13T09:51:23.909+0700][397604.262s] GC(25) Metaspace: 95921K(100952K)->95921K(100952K) NonClass: 85621K(89560K)->85621K(89560K) Class: 10299K(11392K)->10299K(11392K)
[2022-11-13T09:51:23.909+0700][397604.262s] GC(25) Pause Young (Normal) (G1 Evacuation Pause) 356M->67M(512M) 136.163ms
[2022-11-13T09:51:23.909+0700][397604.262s] GC(25) User=0.09s Sys=0.40s Real=0.13s
[2022-11-13T22:36:41.874+0700][443523.849s] Heap
[2022-11-13T22:36:41.875+0700][443523.850s]  garbage-first heap   total 524288K, used 200955K [0x00000007e0000000, 0x0000000800000000)
[2022-11-13T22:36:41.875+0700][443523.850s]   region size 1024K, 147 young (150528K), 17 survivors (17408K)
[2022-11-13T22:36:41.875+0700][443523.850s]  Metaspace       used 96065K, capacity 98949K, committed 100952K, reserved 1138688K
[2022-11-13T22:36:41.875+0700][443523.850s]   class space    used 10321K, capacity 11203K, committed 11392K, reserved 1048576K
